// Bun Snapshot v1, https://bun.sh/docs/test/snapshots

exports[`alertLines frame draws the 401 card as a closed box with hints 1`] = `
[
  "  ┌─ error · authentication.required ─┐",
  "  │ permission 'chat:use' requires a  │",
  "  │ signed-in subject                 │",
  "  │                                   │",
  "  │  /login  to sign in again         │",
  "  │  /retry  last message             │",
  "  └───────────────────────────────────┘",
]
`;
